// Jest Snapshot v1, https://goo.gl/fbAQLP

exports[`App component App: renders correctly 1`] = `
<div
  className="App"
>
  <div
    className="Counter"
  >
    <input
      type="text"
      value={0}
    />
    <button
      onClick={[Function]}
    >
      ADD
    </button>
    <button
      onClick={[Function]}
    >
      SUBTRACT
    </button>
  </div>
</div>
`;
