// Jest Snapshot v1, https://goo.gl/fbAQLP

exports[`App component App: renders correctly 1`] = `
<div
  className="App"
>
  <div
    className="counter"
  >
    <div>
      <div
        className="countstatus"
      >
        0
      </div>
    </div>
    <div
      align="center"
    >
      <div
        className="btn btn-add"
        onClick={[Function]}
      >
        Add
      </div>
       
      <div
        className="btn btn-subtract"
        onClick={[Function]}
      >
        Subtract
      </div>
    </div>
  </div>
</div>
`;
